00000000-00000000 : pcie@0000000142030000
  00000000-00000000 : 0000:00:08.0
    00000000-00000000 : e1000
  00000000-00000000 : 0000:00:06.0
    00000000-00000000 : xhci-hcd
  00000000-00000000 : 0000:00:02.0
    00000000-00000000 : ICH HD audio
  00000000-00000000 : 0000:00:03.0
    00000000-00000000 : virtio-pci-modern
  00000000-00000000 : 0000:00:01.0
  00000000-00000000 : 0000:00:00.0
    00000000-00000000 : vmwgfx probe
  00000000-00000000 : 0000:00:01.0
  00000000-00000000 : 0000:00:00.0
    00000000-00000000 : vmwgfx probe
00000000-00000000 : System RAM
  00000000-00000000 : reserved
00000000-00000000 : reserved
00000000-00000000 : System RAM
  00000000-00000000 : reserved
  00000000-00000000 : reserved
  00000000-00000000 : Kernel code
  00000000-00000000 : reserved
  00000000-00000000 : Kernel data
  00000000-00000000 : reserved
00000000-00000000 : reserved
00000000-00000000 : System RAM
  00000000-00000000 : reserved
  00000000-00000000 : reserved
00000000-00000000 : reserved
00000000-00000000 : System RAM
  00000000-00000000 : reserved
00000000-00000000 : reserved
00000000-00000000 : System RAM
  00000000-00000000 : reserved
  00000000-00000000 : reserved
  00000000-00000000 : reserved
  00000000-00000000 : reserved
  00000000-00000000 : reserved
  00000000-00000000 : reserved
  00000000-00000000 : reserved
  00000000-00000000 : reserved
  00000000-00000000 : reserved
  00000000-00000000 : reserved
00000000-00000000 : GICR
00000000-00000000 : GICD
00000000-00000000 : pl061@0000000141011000
  00000000-00000000 : 141011000.pl061 pl061@0000000141011000
00000000-00000000 : PCI ECAM
00000000-00000000 : pcie@0000000142030000
